C51 COMPILER V9.59.0.0   MAIN                                                              12/08/2018 23:35:49 PAGE 1   


C51 COMPILER V9.59.0.0, COMPILATION OF MODULE MAIN
OBJECT MODULE PLACED IN .\Objects\main.obj
COMPILER INVOKED BY: C:\Keil_v5\C51\BIN\C51.EXE main.c OPTIMIZE(8,SPEED) BROWSE DEBUG OBJECTEXTEND PRINT(.\Listings\main
                    -.lst) TABS(2) OBJECT(.\Objects\main.obj)

line level    source

   1          #include <REG52.H>
   2          #include <stdio.h>
   3          sbit P1_1 = 0x91;  // Port 1.1 SFR bit
   4          unsigned char flash_counter = 4;
   5          unsigned int flash_timer = 0;
   6          unsigned char splitter = 0;
   7          
   8          /*------------------------------------------------
   9          The following string is the stuff we're gonna
  10          send into the serial port.
  11          ------------------------------------------------*/
  12          
  13          /*---------------------------------------------------------
  14          Timer 1 Overflow Interrupt
  15          ---------------------------------------------------------*/
  16          unsigned int T1_ISR_count = 0;
  17          void T1_ISR(void) interrupt 3 {
  18   1      
  19   1        if(splitter == 14) {
  20   2          T1_ISR_count++;
  21   2          splitter = 0;
  22   2        }
  23   1        splitter++;
  24   1        if((flash_timer >= 5000) && (flash_counter > 0)){
  25   2            P1_1 = ~P1_1;
  26   2            flash_counter--;
  27   2            flash_timer = 0;
  28   2        }   
  29   1        flash_timer++;
  30   1        TF1 = 0; // Reset the interrupt request
  31   1      }
  32          
  33          unsigned char key_i=0;
  34          
  35          // Testing by use of word ".tie5Ronal"
  36          //char xdata key[11] = {'.', 't', 'i', 'e', '5', 'R', 'o', 'n', 'a', 'l', '\0'};
  37          signed char test[11] = {'1', '2', '3', '4', '5', '6', '7', '8', '9', '0', '\0'};
  38          
  39          
  40          // Arrays to save time intervals between each user press
  41          
  42          //unsigned char xdata msg1 [] = "User A training end\nNow User B, Enter '1234567890' 5 times\n";
  43          //unsigned char xdata msg2 [] = "User B training end\nNow any user enters 1234567890\n";
  44          
  45          unsigned char xdata msg [3][20] = {"Train A, Trials:", "Train B, Trials:", "Test Mode"};
  46          unsigned char trials [3] = {0,0,0}; // # of entries needed to be entered by current user
  47          
  48          
  49          // state_bit
  50          // 0 :Training userA 
  51          // 1 :Training userB
  52          // 2 :Test Phase 
  53          unsigned char states_bit = 0;
  54          unsigned char states_interupt = 0;
C51 COMPILER V9.59.0.0   MAIN                                                              12/08/2018 23:35:49 PAGE 2   

  55            
  56          
  57          
  58          void main (void) {
  59   1        unsigned int time_between_chars_typed_userA[10];
  60   1        unsigned int time_between_chars_typed_userB[10];
  61   1        unsigned int time_between_chars_typed_recognize[10];
  62   1        
  63   1      
  64   1        //P1_1 = ~P1_1;
  65   1        //flash_counter = 4;
  66   1      
  67   1        
  68   1        /*Note : timer takes 135 micro seconds to overflow*/
  69   1        
  70   1        
  71   1        /*------------------------------------------------
  72   1          Setup the timer 1 to start in mode 2 with auto reload value of 0.
  73   1        ------------------------------------------------*/
  74   1                  // Setting the global interrupt
  75   1        SCON = 0x50;    // SCON:  mode 1, 8-bit UART, enable receiver
  76   1        TMOD |= 0x20;   // TMOD:  timer 1, mode 2, 16-bit 
  77   1        TH1 = 0x00;     // TH1:   Seting timer auto reload value to 0
  78   1        TR1 = 1;        // TR1:   timer 1 run
  79   1        TI = 1;         // TI:    set TI to send first char of UART
  80   1        IT1 = 0;
  81   1        //PCON |= 0x80;
  82   1        
  83   1        /*--------------------------------------
  84   1          Enable interrupts for timer 1.
  85   1        --------------------------------------*/
  86   1        ET1 = 1;        // Setting Timer 1 interrupt
  87   1        EA = 1; 
  88   1      
  89   1      
  90   1        // Program Logic follows
  91   1        //printf("User A,Enter '1234567890' 5 times\n");
  92   1        //printf("#%u Entry\n", trials_num);
  93   1        
  94   1      
  95   1        while (1) {
  96   2          
  97   2          signed char x;
  98   2      //    if((trials_num == 0)){
  99   2            // Just got last entry by User A @(Training Session)
 100   2      //      trials_num = 5;   // Reset # of needed entries for (Training Session) by User B
 101   2      //      states_bit = (states_bit ^ 0x01);   // Set to User B (Training Session) 
 102   2      //      states_interupt = states_bit;
 103   2      //    } 
 104   2          
 105   2          if(states_interupt != 0xFF){
 106   3              printf("%s %u\n" , msg[states_interupt],(unsigned int) trials[states_interupt]);
 107   3              states_interupt = 0xFF;
 108   3          }
 109   2          
 110   2          x = _getkey();
 111   2            
 112   2          
 113   2          if (x == test[key_i]) {
 114   3            // a Key was pressed Logic
 115   3            if ((key_i != 0) && (states_bit == 0)) {
 116   4              time_between_chars_typed_userA[key_i-1] += (T1_ISR_count);
C51 COMPILER V9.59.0.0   MAIN                                                              12/08/2018 23:35:49 PAGE 3   

 117   4              //printf("%u\n", time_between_chars_typed_userA[key_i-1]);
 118   4            
 119   4            } else if((key_i != 0) && (states_bit == 1)) {
 120   4              time_between_chars_typed_userB[key_i-1] += (T1_ISR_count);
 121   4              //printf("%u\n", time_between_chars_typed_userB[key_i-1]);  
 122   4              
 123   4            } else if( (key_i != 0) && (states_bit == 2)) {
 124   4              time_between_chars_typed_recognize[key_i-1] = T1_ISR_count;
 125   4              //printf("%u\n", time_between_chars_typed_recognize[key_i-1]);  
 126   4              
 127   4            }       
 128   3            key_i++;    
 129   3        
 130   3          } else if(x == ','){ // Toggle Modes
 131   3            states_bit = (states_bit ^ 0x02) & 0xFE;
 132   3            states_interupt = states_bit;
 133   3          } else if( (x == '.') && (~(states_bit & 0x02))){ // Toggle Users in training Mode
 134   3            states_bit = (states_bit ^ 0x01);
 135   3            states_interupt = states_bit;
 136   3          } else { 
 137   3            printf("%c\n", test[key_i]);
 138   3            //key_i = 0;
 139   3            // TODO does the counter reset in this case?
 140   3          }
 141   2          
 142   2          T1_ISR_count = 0;
 143   2              
 144   2          if (key_i == 10) {
 145   3            // Sequence entered correctly Logic
 146   3            key_i = 0;
 147   3            
 148   3            if((states_bit == 0) || (states_bit == 1)){
 149   4              
 150   4              // It is a (Training Session)
 151   4              trials[states_bit]++;
 152   4              states_interupt = states_bit;
 153   4            }
 154   3            
 155   3            
 156   3      
 157   3            if(states_bit == 2) {
 158   4              // Detection Logic
 159   4                      
 160   4              unsigned char feature_i = 0;
 161   4              
 162   4              signed int error_diff = 0;
 163   4              
 164   4              unsigned long int sum_sq_err_A = 0;
 165   4              unsigned long int sum_sq_err_B = 0;
 166   4              
 167   4              
 168   4              for(; feature_i < 10; feature_i++) {
 169   5                error_diff = (time_between_chars_typed_recognize[feature_i] - (time_between_chars_typed_userA[feature
             -_i] / trials[0]));
 170   5                sum_sq_err_A += (error_diff*error_diff);
 171   5                
 172   5                error_diff = (time_between_chars_typed_recognize[feature_i] - (time_between_chars_typed_userB[feature
             -_i] / trials[1]));
 173   5                sum_sq_err_B += (error_diff*error_diff);
 174   5              }
 175   4              
 176   4              if(sum_sq_err_A > sum_sq_err_B) {
C51 COMPILER V9.59.0.0   MAIN                                                              12/08/2018 23:35:49 PAGE 4   

 177   5                printf("User B\n");
 178   5                flash_counter = 4;
 179   5              } else {
 180   5                printf("User A\n");
 181   5                flash_counter = 2;
 182   5              } 
 183   4              //printf("Oh! no I can not take a guess!");
 184   4              
 185   4            }
 186   3            
 187   3          }
 188   2        }
 189   1      }


MODULE INFORMATION:   STATIC OVERLAYABLE
   CODE SIZE        =    554    ----
   CONSTANT SIZE    =     27    ----
   XDATA SIZE       =     60    ----
   PDATA SIZE       =   ----    ----
   DATA SIZE        =     23      72
   IDATA SIZE       =   ----    ----
   BIT SIZE         =   ----    ----
END OF MODULE INFORMATION.


C51 COMPILATION COMPLETE.  0 WARNING(S),  0 ERROR(S)
